<!doctype html public "-//w3c//dtd html 4.0 transitional//en">
<html><head>
<title>Static Call Graph - [.\Objects\Project.axf]</title></head>
<body><HR>
<H1>Static Call Graph for image .\Objects\Project.axf</H1><HR>
<BR><P>#&#060CALLGRAPH&#062# ARM Linker, 5060750: Last Updated: Fri Jul 04 22:02:31 2025
<BR><P>
<H3>Maximum Stack Usage =        172 bytes + Unknown(Cycles, Untraceable Function Pointers)</H3><H3>
Call chain for Maximum Stack Depth:</H3>
main &rArr; bsp_init &rArr; APP_ConfigUsart &rArr; LL_USART_Init &rArr; LL_USART_SetBaudRate &rArr; __aeabi_uidivmod
<P>
<H3>
Mutually Recursive functions
</H3> <LI><a href="#[b]">ADC_COMP_IRQHandler</a>&nbsp;&nbsp;&nbsp;&rArr;&nbsp;&nbsp;&nbsp;<a href="#[b]">ADC_COMP_IRQHandler</a><BR>
</UL>
<P>
<H3>
Function Pointers
</H3><UL>
 <LI><a href="#[b]">ADC_COMP_IRQHandler</a> from startup_py32f002bxx.o(.text) referenced from startup_py32f002bxx.o(RESET)
 <LI><a href="#[8]">EXTI0_1_IRQHandler</a> from startup_py32f002bxx.o(.text) referenced from startup_py32f002bxx.o(RESET)
 <LI><a href="#[9]">EXTI2_3_IRQHandler</a> from startup_py32f002bxx.o(.text) referenced from startup_py32f002bxx.o(RESET)
 <LI><a href="#[a]">EXTI4_15_IRQHandler</a> from startup_py32f002bxx.o(.text) referenced from startup_py32f002bxx.o(RESET)
 <LI><a href="#[6]">FLASH_IRQHandler</a> from startup_py32f002bxx.o(.text) referenced from startup_py32f002bxx.o(RESET)
 <LI><a href="#[2]">HardFault_Handler</a> from py32f002b_it.o(i.HardFault_Handler) referenced from startup_py32f002bxx.o(RESET)
 <LI><a href="#[10]">I2C1_IRQHandler</a> from startup_py32f002bxx.o(.text) referenced from startup_py32f002bxx.o(RESET)
 <LI><a href="#[e]">LPTIM1_IRQHandler</a> from py32f002b_it.o(i.LPTIM1_IRQHandler) referenced from startup_py32f002bxx.o(RESET)
 <LI><a href="#[1]">NMI_Handler</a> from py32f002b_it.o(i.NMI_Handler) referenced from startup_py32f002bxx.o(RESET)
 <LI><a href="#[4]">PendSV_Handler</a> from py32f002b_it.o(i.PendSV_Handler) referenced from startup_py32f002bxx.o(RESET)
 <LI><a href="#[7]">RCC_IRQHandler</a> from startup_py32f002bxx.o(.text) referenced from startup_py32f002bxx.o(RESET)
 <LI><a href="#[0]">Reset_Handler</a> from startup_py32f002bxx.o(.text) referenced from startup_py32f002bxx.o(RESET)
 <LI><a href="#[11]">SPI1_IRQHandler</a> from startup_py32f002bxx.o(.text) referenced from startup_py32f002bxx.o(RESET)
 <LI><a href="#[3]">SVC_Handler</a> from py32f002b_it.o(i.SVC_Handler) referenced from startup_py32f002bxx.o(RESET)
 <LI><a href="#[5]">SysTick_Handler</a> from py32f002b_it.o(i.SysTick_Handler) referenced from startup_py32f002bxx.o(RESET)
 <LI><a href="#[14]">SystemInit</a> from system_py32f002b.o(i.SystemInit) referenced from startup_py32f002bxx.o(.text)
 <LI><a href="#[f]">TIM14_IRQHandler</a> from startup_py32f002bxx.o(.text) referenced from startup_py32f002bxx.o(RESET)
 <LI><a href="#[c]">TIM1_BRK_UP_TRG_COM_IRQHandler</a> from startup_py32f002bxx.o(.text) referenced from startup_py32f002bxx.o(RESET)
 <LI><a href="#[d]">TIM1_CC_IRQHandler</a> from startup_py32f002bxx.o(.text) referenced from startup_py32f002bxx.o(RESET)
 <LI><a href="#[12]">USART1_IRQHandler</a> from startup_py32f002bxx.o(.text) referenced from startup_py32f002bxx.o(RESET)
 <LI><a href="#[15]">__main</a> from entry.o(.ARM.Collect$$$$00000000) referenced from startup_py32f002bxx.o(.text)
 <LI><a href="#[16]">fputc</a> from devuart.o(i.fputc) referenced from printf6.o(i.__0printf$6)
 <LI><a href="#[13]">main</a> from main.o(i.main) referenced from entry9a.o(.ARM.Collect$$$$0000000B)
</UL>
<P>
<H3>
Global Symbols
</H3>
<P><STRONG><a name="[15]"></a>__main</STRONG> (Thumb, 0 bytes, Stack size unknown bytes, entry.o(.ARM.Collect$$$$00000000))
<BR>[Address Reference Count : 1]<UL><LI> startup_py32f002bxx.o(.text)
</UL>
<P><STRONG><a name="[6c]"></a>_main_stk</STRONG> (Thumb, 0 bytes, Stack size unknown bytes, entry2.o(.ARM.Collect$$$$00000001))

<P><STRONG><a name="[17]"></a>_main_scatterload</STRONG> (Thumb, 0 bytes, Stack size unknown bytes, entry5.o(.ARM.Collect$$$$00000004))
<BR><BR>[Calls]<UL><LI><a href="#[18]">&gt;&gt;</a>&nbsp;&nbsp;&nbsp;__scatterload
</UL>

<P><STRONG><a name="[1e]"></a>__main_after_scatterload</STRONG> (Thumb, 0 bytes, Stack size unknown bytes, entry5.o(.ARM.Collect$$$$00000004))
<BR><BR>[Called By]<UL><LI><a href="#[18]">&gt;&gt;</a>&nbsp;&nbsp;&nbsp;__scatterload
</UL>

<P><STRONG><a name="[6d]"></a>_main_clock</STRONG> (Thumb, 0 bytes, Stack size unknown bytes, entry7b.o(.ARM.Collect$$$$00000008))

<P><STRONG><a name="[6e]"></a>_main_cpp_init</STRONG> (Thumb, 0 bytes, Stack size unknown bytes, entry8b.o(.ARM.Collect$$$$0000000A))

<P><STRONG><a name="[6f]"></a>_main_init</STRONG> (Thumb, 0 bytes, Stack size unknown bytes, entry9a.o(.ARM.Collect$$$$0000000B))

<P><STRONG><a name="[70]"></a>__rt_final_cpp</STRONG> (Thumb, 0 bytes, Stack size unknown bytes, entry10a.o(.ARM.Collect$$$$0000000D))

<P><STRONG><a name="[71]"></a>__rt_final_exit</STRONG> (Thumb, 0 bytes, Stack size unknown bytes, entry11a.o(.ARM.Collect$$$$0000000F))

<P><STRONG><a name="[0]"></a>Reset_Handler</STRONG> (Thumb, 8 bytes, Stack size 0 bytes, startup_py32f002bxx.o(.text))
<BR>[Address Reference Count : 1]<UL><LI> startup_py32f002bxx.o(RESET)
</UL>
<P><STRONG><a name="[b]"></a>ADC_COMP_IRQHandler</STRONG> (Thumb, 0 bytes, Stack size 0 bytes, startup_py32f002bxx.o(.text))
<BR><BR>[Calls]<UL><LI><a href="#[b]">&gt;&gt;</a>&nbsp;&nbsp;&nbsp;ADC_COMP_IRQHandler
</UL>
<BR>[Called By]<UL><LI><a href="#[b]">&gt;&gt;</a>&nbsp;&nbsp;&nbsp;ADC_COMP_IRQHandler
</UL>
<BR>[Address Reference Count : 1]<UL><LI> startup_py32f002bxx.o(RESET)
</UL>
<P><STRONG><a name="[8]"></a>EXTI0_1_IRQHandler</STRONG> (Thumb, 0 bytes, Stack size 0 bytes, startup_py32f002bxx.o(.text))
<BR>[Address Reference Count : 1]<UL><LI> startup_py32f002bxx.o(RESET)
</UL>
<P><STRONG><a name="[9]"></a>EXTI2_3_IRQHandler</STRONG> (Thumb, 0 bytes, Stack size 0 bytes, startup_py32f002bxx.o(.text))
<BR>[Address Reference Count : 1]<UL><LI> startup_py32f002bxx.o(RESET)
</UL>
<P><STRONG><a name="[a]"></a>EXTI4_15_IRQHandler</STRONG> (Thumb, 0 bytes, Stack size 0 bytes, startup_py32f002bxx.o(.text))
<BR>[Address Reference Count : 1]<UL><LI> startup_py32f002bxx.o(RESET)
</UL>
<P><STRONG><a name="[6]"></a>FLASH_IRQHandler</STRONG> (Thumb, 0 bytes, Stack size 0 bytes, startup_py32f002bxx.o(.text))
<BR>[Address Reference Count : 1]<UL><LI> startup_py32f002bxx.o(RESET)
</UL>
<P><STRONG><a name="[10]"></a>I2C1_IRQHandler</STRONG> (Thumb, 0 bytes, Stack size 0 bytes, startup_py32f002bxx.o(.text))
<BR>[Address Reference Count : 1]<UL><LI> startup_py32f002bxx.o(RESET)
</UL>
<P><STRONG><a name="[7]"></a>RCC_IRQHandler</STRONG> (Thumb, 0 bytes, Stack size 0 bytes, startup_py32f002bxx.o(.text))
<BR>[Address Reference Count : 1]<UL><LI> startup_py32f002bxx.o(RESET)
</UL>
<P><STRONG><a name="[11]"></a>SPI1_IRQHandler</STRONG> (Thumb, 0 bytes, Stack size 0 bytes, startup_py32f002bxx.o(.text))
<BR>[Address Reference Count : 1]<UL><LI> startup_py32f002bxx.o(RESET)
</UL>
<P><STRONG><a name="[f]"></a>TIM14_IRQHandler</STRONG> (Thumb, 0 bytes, Stack size 0 bytes, startup_py32f002bxx.o(.text))
<BR>[Address Reference Count : 1]<UL><LI> startup_py32f002bxx.o(RESET)
</UL>
<P><STRONG><a name="[c]"></a>TIM1_BRK_UP_TRG_COM_IRQHandler</STRONG> (Thumb, 0 bytes, Stack size 0 bytes, startup_py32f002bxx.o(.text))
<BR>[Address Reference Count : 1]<UL><LI> startup_py32f002bxx.o(RESET)
</UL>
<P><STRONG><a name="[d]"></a>TIM1_CC_IRQHandler</STRONG> (Thumb, 0 bytes, Stack size 0 bytes, startup_py32f002bxx.o(.text))
<BR>[Address Reference Count : 1]<UL><LI> startup_py32f002bxx.o(RESET)
</UL>
<P><STRONG><a name="[12]"></a>USART1_IRQHandler</STRONG> (Thumb, 0 bytes, Stack size 0 bytes, startup_py32f002bxx.o(.text))
<BR>[Address Reference Count : 1]<UL><LI> startup_py32f002bxx.o(RESET)
</UL>
<P><STRONG><a name="[72]"></a>__aeabi_uidiv</STRONG> (Thumb, 0 bytes, Stack size 12 bytes, uidiv.o(.text), UNUSED)

<P><STRONG><a name="[1a]"></a>__aeabi_uidivmod</STRONG> (Thumb, 44 bytes, Stack size 12 bytes, uidiv.o(.text))
<BR><BR>[Stack]<UL><LI>Max Depth = 12<LI>Call Chain = __aeabi_uidivmod
</UL>
<BR>[Called By]<UL><LI><a href="#[39]">&gt;&gt;</a>&nbsp;&nbsp;&nbsp;RCC_GetSystemClockFreq
<LI><a href="#[3d]">&gt;&gt;</a>&nbsp;&nbsp;&nbsp;LL_USART_SetBaudRate
<LI><a href="#[33]">&gt;&gt;</a>&nbsp;&nbsp;&nbsp;LL_Init1msTick
<LI><a href="#[67]">&gt;&gt;</a>&nbsp;&nbsp;&nbsp;mt_lowEnergy_wakeup_delay
<LI><a href="#[19]">&gt;&gt;</a>&nbsp;&nbsp;&nbsp;__aeabi_idivmod
<LI><a href="#[42]">&gt;&gt;</a>&nbsp;&nbsp;&nbsp;_printf_core
</UL>

<P><STRONG><a name="[73]"></a>__aeabi_idiv</STRONG> (Thumb, 0 bytes, Stack size 16 bytes, idiv.o(.text), UNUSED)

<P><STRONG><a name="[19]"></a>__aeabi_idivmod</STRONG> (Thumb, 40 bytes, Stack size 16 bytes, idiv.o(.text))
<BR><BR>[Stack]<UL><LI>Max Depth = 28<LI>Call Chain = __aeabi_idivmod &rArr; __aeabi_uidivmod
</UL>
<BR>[Calls]<UL><LI><a href="#[1a]">&gt;&gt;</a>&nbsp;&nbsp;&nbsp;__aeabi_uidivmod
</UL>
<BR>[Called By]<UL><LI><a href="#[5a]">&gt;&gt;</a>&nbsp;&nbsp;&nbsp;core_somebody_check_list_update
<LI><a href="#[59]">&gt;&gt;</a>&nbsp;&nbsp;&nbsp;core_somebeody_data_cal_update
</UL>

<P><STRONG><a name="[1c]"></a>__aeabi_memset</STRONG> (Thumb, 14 bytes, Stack size 0 bytes, memseta.o(.text), UNUSED)
<BR><BR>[Called By]<UL><LI><a href="#[1d]">&gt;&gt;</a>&nbsp;&nbsp;&nbsp;_memset$wrapper
<LI><a href="#[1b]">&gt;&gt;</a>&nbsp;&nbsp;&nbsp;__aeabi_memclr
</UL>

<P><STRONG><a name="[74]"></a>__aeabi_memset4</STRONG> (Thumb, 0 bytes, Stack size 0 bytes, memseta.o(.text), UNUSED)

<P><STRONG><a name="[75]"></a>__aeabi_memset8</STRONG> (Thumb, 0 bytes, Stack size 0 bytes, memseta.o(.text), UNUSED)

<P><STRONG><a name="[1b]"></a>__aeabi_memclr</STRONG> (Thumb, 4 bytes, Stack size 0 bytes, memseta.o(.text), UNUSED)
<BR><BR>[Calls]<UL><LI><a href="#[1c]">&gt;&gt;</a>&nbsp;&nbsp;&nbsp;__aeabi_memset
</UL>

<P><STRONG><a name="[5c]"></a>__aeabi_memclr4</STRONG> (Thumb, 0 bytes, Stack size 0 bytes, memseta.o(.text))
<BR><BR>[Called By]<UL><LI><a href="#[5b]">&gt;&gt;</a>&nbsp;&nbsp;&nbsp;core_somebody_check_param_reinit
<LI><a href="#[4a]">&gt;&gt;</a>&nbsp;&nbsp;&nbsp;dev_gpio_init
</UL>

<P><STRONG><a name="[76]"></a>__aeabi_memclr8</STRONG> (Thumb, 0 bytes, Stack size 0 bytes, memseta.o(.text), UNUSED)

<P><STRONG><a name="[1d]"></a>_memset$wrapper</STRONG> (Thumb, 18 bytes, Stack size 8 bytes, memseta.o(.text), UNUSED)
<BR><BR>[Calls]<UL><LI><a href="#[1c]">&gt;&gt;</a>&nbsp;&nbsp;&nbsp;__aeabi_memset
</UL>

<P><STRONG><a name="[18]"></a>__scatterload</STRONG> (Thumb, 28 bytes, Stack size 0 bytes, init.o(.text))
<BR><BR>[Calls]<UL><LI><a href="#[1e]">&gt;&gt;</a>&nbsp;&nbsp;&nbsp;__main_after_scatterload
</UL>
<BR>[Called By]<UL><LI><a href="#[17]">&gt;&gt;</a>&nbsp;&nbsp;&nbsp;_main_scatterload
</UL>

<P><STRONG><a name="[77]"></a>__scatterload_rt2</STRONG> (Thumb, 0 bytes, Stack size 0 bytes, init.o(.text), UNUSED)

<P><STRONG><a name="[1f]"></a>APP_AdcCalibrate</STRONG> (Thumb, 54 bytes, Stack size 8 bytes, devadc.o(i.APP_AdcCalibrate))
<BR><BR>[Stack]<UL><LI>Max Depth = 16<LI>Call Chain = APP_AdcCalibrate &rArr; LL_mDelay
</UL>
<BR>[Calls]<UL><LI><a href="#[21]">&gt;&gt;</a>&nbsp;&nbsp;&nbsp;LL_mDelay
<LI><a href="#[20]">&gt;&gt;</a>&nbsp;&nbsp;&nbsp;LL_ADC_IsEnabled
</UL>
<BR>[Called By]<UL><LI><a href="#[61]">&gt;&gt;</a>&nbsp;&nbsp;&nbsp;dev_adc_init
</UL>

<P><STRONG><a name="[22]"></a>APP_AdcConfig</STRONG> (Thumb, 238 bytes, Stack size 8 bytes, devadc.o(i.APP_AdcConfig))
<BR><BR>[Stack]<UL><LI>Max Depth = 20<LI>Call Chain = APP_AdcConfig &rArr; LL_GPIO_SetPinMode
</UL>
<BR>[Calls]<UL><LI><a href="#[23]">&gt;&gt;</a>&nbsp;&nbsp;&nbsp;LL_GPIO_SetPinMode
</UL>
<BR>[Called By]<UL><LI><a href="#[61]">&gt;&gt;</a>&nbsp;&nbsp;&nbsp;dev_adc_init
</UL>

<P><STRONG><a name="[24]"></a>APP_AdcConvert</STRONG> (Thumb, 122 bytes, Stack size 16 bytes, devadc.o(i.APP_AdcConvert))
<BR><BR>[Stack]<UL><LI>Max Depth = 32<LI>Call Chain = APP_AdcConvert &rArr; APP_AdcEnable &rArr; LL_mDelay
</UL>
<BR>[Calls]<UL><LI><a href="#[26]">&gt;&gt;</a>&nbsp;&nbsp;&nbsp;APP_AdcEnable
<LI><a href="#[20]">&gt;&gt;</a>&nbsp;&nbsp;&nbsp;LL_ADC_IsEnabled
<LI><a href="#[25]">&gt;&gt;</a>&nbsp;&nbsp;&nbsp;LL_ADC_Disable
</UL>
<BR>[Called By]<UL><LI><a href="#[4c]">&gt;&gt;</a>&nbsp;&nbsp;&nbsp;bo_pvdf_adc_update
</UL>

<P><STRONG><a name="[26]"></a>APP_AdcEnable</STRONG> (Thumb, 28 bytes, Stack size 8 bytes, devadc.o(i.APP_AdcEnable))
<BR><BR>[Stack]<UL><LI>Max Depth = 16<LI>Call Chain = APP_AdcEnable &rArr; LL_mDelay
</UL>
<BR>[Calls]<UL><LI><a href="#[21]">&gt;&gt;</a>&nbsp;&nbsp;&nbsp;LL_mDelay
</UL>
<BR>[Called By]<UL><LI><a href="#[24]">&gt;&gt;</a>&nbsp;&nbsp;&nbsp;APP_AdcConvert
</UL>

<P><STRONG><a name="[2b]"></a>APP_ConfigUsart</STRONG> (Thumb, 208 bytes, Stack size 64 bytes, devuart.o(i.APP_ConfigUsart))
<BR><BR>[Stack]<UL><LI>Max Depth = 156<LI>Call Chain = APP_ConfigUsart &rArr; LL_USART_Init &rArr; LL_USART_SetBaudRate &rArr; __aeabi_uidivmod
</UL>
<BR>[Calls]<UL><LI><a href="#[2c]">&gt;&gt;</a>&nbsp;&nbsp;&nbsp;LL_GPIO_Init
<LI><a href="#[2e]">&gt;&gt;</a>&nbsp;&nbsp;&nbsp;LL_USART_Init
<LI><a href="#[2f]">&gt;&gt;</a>&nbsp;&nbsp;&nbsp;APP_UsartReceive_IT
<LI><a href="#[2d]">&gt;&gt;</a>&nbsp;&nbsp;&nbsp;NVIC_SetPriority
</UL>
<BR>[Called By]<UL><LI><a href="#[53]">&gt;&gt;</a>&nbsp;&nbsp;&nbsp;bsp_init
<LI><a href="#[13]">&gt;&gt;</a>&nbsp;&nbsp;&nbsp;main
</UL>

<P><STRONG><a name="[30]"></a>APP_EnterStop</STRONG> (Thumb, 92 bytes, Stack size 8 bytes, lowenergy.o(i.APP_EnterStop))
<BR><BR>[Stack]<UL><LI>Max Depth = 68<LI>Call Chain = APP_EnterStop &rArr; mt_board_deinit_all &rArr; dev_gpio_le_mode &rArr; LL_GPIO_Init
</UL>
<BR>[Calls]<UL><LI><a href="#[31]">&gt;&gt;</a>&nbsp;&nbsp;&nbsp;mt_board_deinit_all
<LI><a href="#[2a]">&gt;&gt;</a>&nbsp;&nbsp;&nbsp;LL_APB1_GRP1_EnableClock
</UL>
<BR>[Called By]<UL><LI><a href="#[68]">&gt;&gt;</a>&nbsp;&nbsp;&nbsp;mt_lowEnergy_enterStop
</UL>

<P><STRONG><a name="[3e]"></a>APP_LptimIRQCallback</STRONG> (Thumb, 48 bytes, Stack size 0 bytes, lowenergy.o(i.APP_LptimIRQCallback))
<BR><BR>[Called By]<UL><LI><a href="#[e]">&gt;&gt;</a>&nbsp;&nbsp;&nbsp;LPTIM1_IRQHandler
</UL>

<P><STRONG><a name="[2f]"></a>APP_UsartReceive_IT</STRONG> (Thumb, 54 bytes, Stack size 8 bytes, devuart.o(i.APP_UsartReceive_IT))
<BR><BR>[Stack]<UL><LI>Max Depth = 8<LI>Call Chain = APP_UsartReceive_IT
</UL>
<BR>[Called By]<UL><LI><a href="#[2b]">&gt;&gt;</a>&nbsp;&nbsp;&nbsp;APP_ConfigUsart
</UL>

<P><STRONG><a name="[2]"></a>HardFault_Handler</STRONG> (Thumb, 4 bytes, Stack size 0 bytes, py32f002b_it.o(i.HardFault_Handler))
<BR>[Address Reference Count : 1]<UL><LI> startup_py32f002bxx.o(RESET)
</UL>
<P><STRONG><a name="[35]"></a>LL_GPIO_DeInit</STRONG> (Thumb, 74 bytes, Stack size 16 bytes, py32f002b_ll_gpio.o(i.LL_GPIO_DeInit))
<BR><BR>[Stack]<UL><LI>Max Depth = 16<LI>Call Chain = LL_GPIO_DeInit
</UL>
<BR>[Calls]<UL><LI><a href="#[37]">&gt;&gt;</a>&nbsp;&nbsp;&nbsp;LL_IOP_GRP1_ReleaseReset
<LI><a href="#[36]">&gt;&gt;</a>&nbsp;&nbsp;&nbsp;LL_IOP_GRP1_ForceReset
</UL>
<BR>[Called By]<UL><LI><a href="#[69]">&gt;&gt;</a>&nbsp;&nbsp;&nbsp;mt_uart_deinit
</UL>

<P><STRONG><a name="[2c]"></a>LL_GPIO_Init</STRONG> (Thumb, 250 bytes, Stack size 20 bytes, py32f002b_ll_gpio.o(i.LL_GPIO_Init))
<BR><BR>[Stack]<UL><LI>Max Depth = 20<LI>Call Chain = LL_GPIO_Init
</UL>
<BR>[Called By]<UL><LI><a href="#[2b]">&gt;&gt;</a>&nbsp;&nbsp;&nbsp;APP_ConfigUsart
<LI><a href="#[4b]">&gt;&gt;</a>&nbsp;&nbsp;&nbsp;bo_motor_init2
<LI><a href="#[64]">&gt;&gt;</a>&nbsp;&nbsp;&nbsp;dev_gpio_le_mode
<LI><a href="#[4a]">&gt;&gt;</a>&nbsp;&nbsp;&nbsp;dev_gpio_init
</UL>

<P><STRONG><a name="[33]"></a>LL_Init1msTick</STRONG> (Thumb, 34 bytes, Stack size 16 bytes, py32f002b_ll_utils.o(i.LL_Init1msTick))
<BR><BR>[Stack]<UL><LI>Max Depth = 28<LI>Call Chain = LL_Init1msTick &rArr; __aeabi_uidivmod
</UL>
<BR>[Calls]<UL><LI><a href="#[1a]">&gt;&gt;</a>&nbsp;&nbsp;&nbsp;__aeabi_uidivmod
</UL>
<BR>[Called By]<UL><LI><a href="#[32]">&gt;&gt;</a>&nbsp;&nbsp;&nbsp;APP_SystemClockConfig
</UL>

<P><STRONG><a name="[6a]"></a>LL_LPTIM_Init</STRONG> (Thumb, 46 bytes, Stack size 12 bytes, py32f002b_ll_lptim.o(i.LL_LPTIM_Init))
<BR><BR>[Stack]<UL><LI>Max Depth = 12<LI>Call Chain = LL_LPTIM_Init
</UL>
<BR>[Called By]<UL><LI><a href="#[57]">&gt;&gt;</a>&nbsp;&nbsp;&nbsp;mt_lowEnergy_init
</UL>

<P><STRONG><a name="[38]"></a>LL_RCC_GetSystemClocksFreq</STRONG> (Thumb, 28 bytes, Stack size 8 bytes, py32f002b_ll_rcc.o(i.LL_RCC_GetSystemClocksFreq))
<BR><BR>[Stack]<UL><LI>Max Depth = 36<LI>Call Chain = LL_RCC_GetSystemClocksFreq &rArr; RCC_GetSystemClockFreq &rArr; __aeabi_uidivmod
</UL>
<BR>[Calls]<UL><LI><a href="#[39]">&gt;&gt;</a>&nbsp;&nbsp;&nbsp;RCC_GetSystemClockFreq
<LI><a href="#[3b]">&gt;&gt;</a>&nbsp;&nbsp;&nbsp;RCC_GetPCLK1ClockFreq
<LI><a href="#[3a]">&gt;&gt;</a>&nbsp;&nbsp;&nbsp;RCC_GetHCLKClockFreq
</UL>
<BR>[Called By]<UL><LI><a href="#[2e]">&gt;&gt;</a>&nbsp;&nbsp;&nbsp;LL_USART_Init
</UL>

<P><STRONG><a name="[34]"></a>LL_SetSystemCoreClock</STRONG> (Thumb, 6 bytes, Stack size 0 bytes, py32f002b_ll_utils.o(i.LL_SetSystemCoreClock))
<BR><BR>[Called By]<UL><LI><a href="#[32]">&gt;&gt;</a>&nbsp;&nbsp;&nbsp;APP_SystemClockConfig
</UL>

<P><STRONG><a name="[6b]"></a>LL_USART_DeInit</STRONG> (Thumb, 48 bytes, Stack size 8 bytes, py32f002b_ll_usart.o(i.LL_USART_DeInit))
<BR><BR>[Stack]<UL><LI>Max Depth = 8<LI>Call Chain = LL_USART_DeInit
</UL>
<BR>[Called By]<UL><LI><a href="#[69]">&gt;&gt;</a>&nbsp;&nbsp;&nbsp;mt_uart_deinit
</UL>

<P><STRONG><a name="[2e]"></a>LL_USART_Init</STRONG> (Thumb, 120 bytes, Stack size 32 bytes, py32f002b_ll_usart.o(i.LL_USART_Init))
<BR><BR>[Stack]<UL><LI>Max Depth = 92<LI>Call Chain = LL_USART_Init &rArr; LL_USART_SetBaudRate &rArr; __aeabi_uidivmod
</UL>
<BR>[Calls]<UL><LI><a href="#[38]">&gt;&gt;</a>&nbsp;&nbsp;&nbsp;LL_RCC_GetSystemClocksFreq
<LI><a href="#[3d]">&gt;&gt;</a>&nbsp;&nbsp;&nbsp;LL_USART_SetBaudRate
<LI><a href="#[3c]">&gt;&gt;</a>&nbsp;&nbsp;&nbsp;LL_USART_IsEnabled
</UL>
<BR>[Called By]<UL><LI><a href="#[2b]">&gt;&gt;</a>&nbsp;&nbsp;&nbsp;APP_ConfigUsart
</UL>

<P><STRONG><a name="[21]"></a>LL_mDelay</STRONG> (Thumb, 46 bytes, Stack size 8 bytes, py32f002b_ll_utils.o(i.LL_mDelay))
<BR><BR>[Stack]<UL><LI>Max Depth = 8<LI>Call Chain = LL_mDelay
</UL>
<BR>[Called By]<UL><LI><a href="#[5d]">&gt;&gt;</a>&nbsp;&nbsp;&nbsp;core_somebody_check_update
<LI><a href="#[45]">&gt;&gt;</a>&nbsp;&nbsp;&nbsp;bo_motor_action_block
<LI><a href="#[13]">&gt;&gt;</a>&nbsp;&nbsp;&nbsp;main
<LI><a href="#[26]">&gt;&gt;</a>&nbsp;&nbsp;&nbsp;APP_AdcEnable
<LI><a href="#[1f]">&gt;&gt;</a>&nbsp;&nbsp;&nbsp;APP_AdcCalibrate
</UL>

<P><STRONG><a name="[e]"></a>LPTIM1_IRQHandler</STRONG> (Thumb, 8 bytes, Stack size 8 bytes, py32f002b_it.o(i.LPTIM1_IRQHandler))
<BR><BR>[Stack]<UL><LI>Max Depth = 8<LI>Call Chain = LPTIM1_IRQHandler
</UL>
<BR>[Calls]<UL><LI><a href="#[3e]">&gt;&gt;</a>&nbsp;&nbsp;&nbsp;APP_LptimIRQCallback
</UL>
<BR>[Address Reference Count : 1]<UL><LI> startup_py32f002bxx.o(RESET)
</UL>
<P><STRONG><a name="[1]"></a>NMI_Handler</STRONG> (Thumb, 2 bytes, Stack size 0 bytes, py32f002b_it.o(i.NMI_Handler))
<BR>[Address Reference Count : 1]<UL><LI> startup_py32f002bxx.o(RESET)
</UL>
<P><STRONG><a name="[4]"></a>PendSV_Handler</STRONG> (Thumb, 2 bytes, Stack size 0 bytes, py32f002b_it.o(i.PendSV_Handler))
<BR>[Address Reference Count : 1]<UL><LI> startup_py32f002bxx.o(RESET)
</UL>
<P><STRONG><a name="[3a]"></a>RCC_GetHCLKClockFreq</STRONG> (Thumb, 34 bytes, Stack size 0 bytes, py32f002b_ll_rcc.o(i.RCC_GetHCLKClockFreq))
<BR><BR>[Called By]<UL><LI><a href="#[38]">&gt;&gt;</a>&nbsp;&nbsp;&nbsp;LL_RCC_GetSystemClocksFreq
</UL>

<P><STRONG><a name="[3b]"></a>RCC_GetPCLK1ClockFreq</STRONG> (Thumb, 32 bytes, Stack size 0 bytes, py32f002b_ll_rcc.o(i.RCC_GetPCLK1ClockFreq))
<BR><BR>[Called By]<UL><LI><a href="#[38]">&gt;&gt;</a>&nbsp;&nbsp;&nbsp;LL_RCC_GetSystemClocksFreq
</UL>

<P><STRONG><a name="[39]"></a>RCC_GetSystemClockFreq</STRONG> (Thumb, 100 bytes, Stack size 16 bytes, py32f002b_ll_rcc.o(i.RCC_GetSystemClockFreq))
<BR><BR>[Stack]<UL><LI>Max Depth = 28<LI>Call Chain = RCC_GetSystemClockFreq &rArr; __aeabi_uidivmod
</UL>
<BR>[Calls]<UL><LI><a href="#[3f]">&gt;&gt;</a>&nbsp;&nbsp;&nbsp;LL_RCC_GetSysClkSource
<LI><a href="#[1a]">&gt;&gt;</a>&nbsp;&nbsp;&nbsp;__aeabi_uidivmod
</UL>
<BR>[Called By]<UL><LI><a href="#[38]">&gt;&gt;</a>&nbsp;&nbsp;&nbsp;LL_RCC_GetSystemClocksFreq
</UL>

<P><STRONG><a name="[3]"></a>SVC_Handler</STRONG> (Thumb, 2 bytes, Stack size 0 bytes, py32f002b_it.o(i.SVC_Handler))
<BR>[Address Reference Count : 1]<UL><LI> startup_py32f002bxx.o(RESET)
</UL>
<P><STRONG><a name="[5]"></a>SysTick_Handler</STRONG> (Thumb, 2 bytes, Stack size 0 bytes, py32f002b_it.o(i.SysTick_Handler))
<BR>[Address Reference Count : 1]<UL><LI> startup_py32f002bxx.o(RESET)
</UL>
<P><STRONG><a name="[14]"></a>SystemInit</STRONG> (Thumb, 60 bytes, Stack size 8 bytes, system_py32f002b.o(i.SystemInit))
<BR><BR>[Stack]<UL><LI>Max Depth = 16<LI>Call Chain = SystemInit &rArr; DelayTime
</UL>
<BR>[Calls]<UL><LI><a href="#[40]">&gt;&gt;</a>&nbsp;&nbsp;&nbsp;DelayTime
</UL>
<BR>[Address Reference Count : 1]<UL><LI> startup_py32f002bxx.o(.text)
</UL>
<P><STRONG><a name="[41]"></a>__0printf$6</STRONG> (Thumb, 24 bytes, Stack size 24 bytes, printf6.o(i.__0printf$6), UNUSED)
<BR><BR>[Calls]<UL><LI><a href="#[42]">&gt;&gt;</a>&nbsp;&nbsp;&nbsp;_printf_core
</UL>

<P><STRONG><a name="[78]"></a>__1printf$6</STRONG> (Thumb, 0 bytes, Stack size 24 bytes, printf6.o(i.__0printf$6), UNUSED)

<P><STRONG><a name="[4e]"></a>__2printf</STRONG> (Thumb, 0 bytes, Stack size 24 bytes, printf6.o(i.__0printf$6))
<BR><BR>[Stack]<UL><LI>Max Depth = 24<LI>Call Chain = __2printf
</UL>
<BR>[Called By]<UL><LI><a href="#[5d]">&gt;&gt;</a>&nbsp;&nbsp;&nbsp;core_somebody_check_update
<LI><a href="#[53]">&gt;&gt;</a>&nbsp;&nbsp;&nbsp;bsp_init
<LI><a href="#[52]">&gt;&gt;</a>&nbsp;&nbsp;&nbsp;bo_pvdf_somebody_onOffstate_realtime
<LI><a href="#[4f]">&gt;&gt;</a>&nbsp;&nbsp;&nbsp;bo_pvdf_rule_check_update_auto
<LI><a href="#[4c]">&gt;&gt;</a>&nbsp;&nbsp;&nbsp;bo_pvdf_adc_update
<LI><a href="#[13]">&gt;&gt;</a>&nbsp;&nbsp;&nbsp;main
</UL>

<P><STRONG><a name="[79]"></a>__scatterload_copy</STRONG> (Thumb, 14 bytes, Stack size unknown bytes, handlers.o(i.__scatterload_copy), UNUSED)

<P><STRONG><a name="[7a]"></a>__scatterload_null</STRONG> (Thumb, 2 bytes, Stack size unknown bytes, handlers.o(i.__scatterload_null), UNUSED)

<P><STRONG><a name="[7b]"></a>__scatterload_zeroinit</STRONG> (Thumb, 14 bytes, Stack size unknown bytes, handlers.o(i.__scatterload_zeroinit), UNUSED)

<P><STRONG><a name="[45]"></a>bo_motor_action_block</STRONG> (Thumb, 80 bytes, Stack size 24 bytes, bo_motor.o(i.bo_motor_action_block))
<BR><BR>[Stack]<UL><LI>Max Depth = 108<LI>Call Chain = bo_motor_action_block &rArr; bo_motor_init &rArr; dev_gpio_init &rArr; LL_GPIO_Init
</UL>
<BR>[Calls]<UL><LI><a href="#[21]">&gt;&gt;</a>&nbsp;&nbsp;&nbsp;LL_mDelay
<LI><a href="#[48]">&gt;&gt;</a>&nbsp;&nbsp;&nbsp;LL_GPIO_ResetOutputPin
<LI><a href="#[46]">&gt;&gt;</a>&nbsp;&nbsp;&nbsp;bo_motor_init
<LI><a href="#[47]">&gt;&gt;</a>&nbsp;&nbsp;&nbsp;power_5V_on
<LI><a href="#[49]">&gt;&gt;</a>&nbsp;&nbsp;&nbsp;power_5V_off
</UL>
<BR>[Called By]<UL><LI><a href="#[5d]">&gt;&gt;</a>&nbsp;&nbsp;&nbsp;core_somebody_check_update
<LI><a href="#[13]">&gt;&gt;</a>&nbsp;&nbsp;&nbsp;main
</UL>

<P><STRONG><a name="[46]"></a>bo_motor_init</STRONG> (Thumb, 12 bytes, Stack size 8 bytes, bo_motor.o(i.bo_motor_init))
<BR><BR>[Stack]<UL><LI>Max Depth = 84<LI>Call Chain = bo_motor_init &rArr; dev_gpio_init &rArr; LL_GPIO_Init
</UL>
<BR>[Calls]<UL><LI><a href="#[4b]">&gt;&gt;</a>&nbsp;&nbsp;&nbsp;bo_motor_init2
<LI><a href="#[4a]">&gt;&gt;</a>&nbsp;&nbsp;&nbsp;dev_gpio_init
</UL>
<BR>[Called By]<UL><LI><a href="#[53]">&gt;&gt;</a>&nbsp;&nbsp;&nbsp;bsp_init
<LI><a href="#[45]">&gt;&gt;</a>&nbsp;&nbsp;&nbsp;bo_motor_action_block
</UL>

<P><STRONG><a name="[4b]"></a>bo_motor_init2</STRONG> (Thumb, 72 bytes, Stack size 32 bytes, bo_motor.o(i.bo_motor_init2))
<BR><BR>[Stack]<UL><LI>Max Depth = 52<LI>Call Chain = bo_motor_init2 &rArr; LL_GPIO_Init
</UL>
<BR>[Calls]<UL><LI><a href="#[2c]">&gt;&gt;</a>&nbsp;&nbsp;&nbsp;LL_GPIO_Init
<LI><a href="#[48]">&gt;&gt;</a>&nbsp;&nbsp;&nbsp;LL_GPIO_ResetOutputPin
</UL>
<BR>[Called By]<UL><LI><a href="#[46]">&gt;&gt;</a>&nbsp;&nbsp;&nbsp;bo_motor_init
</UL>

<P><STRONG><a name="[4c]"></a>bo_pvdf_adc_update</STRONG> (Thumb, 58 bytes, Stack size 16 bytes, bo_pvdf.o(i.bo_pvdf_adc_update))
<BR><BR>[Stack]<UL><LI>Max Depth = 48<LI>Call Chain = bo_pvdf_adc_update &rArr; APP_AdcConvert &rArr; APP_AdcEnable &rArr; LL_mDelay
</UL>
<BR>[Calls]<UL><LI><a href="#[4d]">&gt;&gt;</a>&nbsp;&nbsp;&nbsp;bo_pvdf_value_update
<LI><a href="#[24]">&gt;&gt;</a>&nbsp;&nbsp;&nbsp;APP_AdcConvert
<LI><a href="#[4e]">&gt;&gt;</a>&nbsp;&nbsp;&nbsp;__2printf
</UL>
<BR>[Called By]<UL><LI><a href="#[13]">&gt;&gt;</a>&nbsp;&nbsp;&nbsp;main
</UL>

<P><STRONG><a name="[56]"></a>bo_pvdf_init</STRONG> (Thumb, 10 bytes, Stack size 0 bytes, bo_pvdf.o(i.bo_pvdf_init))
<BR><BR>[Called By]<UL><LI><a href="#[53]">&gt;&gt;</a>&nbsp;&nbsp;&nbsp;bsp_init
</UL>

<P><STRONG><a name="[4f]"></a>bo_pvdf_rule_check_update_auto</STRONG> (Thumb, 120 bytes, Stack size 16 bytes, bo_pvdf.o(i.bo_pvdf_rule_check_update_auto))
<BR><BR>[Stack]<UL><LI>Max Depth = 40<LI>Call Chain = bo_pvdf_rule_check_update_auto &rArr; __2printf
</UL>
<BR>[Calls]<UL><LI><a href="#[50]">&gt;&gt;</a>&nbsp;&nbsp;&nbsp;threadHold_u16
<LI><a href="#[51]">&gt;&gt;</a>&nbsp;&nbsp;&nbsp;bo_pvdf_tick_restart
<LI><a href="#[4e]">&gt;&gt;</a>&nbsp;&nbsp;&nbsp;__2printf
</UL>
<BR>[Called By]<UL><LI><a href="#[13]">&gt;&gt;</a>&nbsp;&nbsp;&nbsp;main
</UL>

<P><STRONG><a name="[52]"></a>bo_pvdf_somebody_onOffstate_realtime</STRONG> (Thumb, 54 bytes, Stack size 16 bytes, bo_pvdf.o(i.bo_pvdf_somebody_onOffstate_realtime))
<BR><BR>[Stack]<UL><LI>Max Depth = 40<LI>Call Chain = bo_pvdf_somebody_onOffstate_realtime &rArr; __2printf
</UL>
<BR>[Calls]<UL><LI><a href="#[50]">&gt;&gt;</a>&nbsp;&nbsp;&nbsp;threadHold_u16
<LI><a href="#[4e]">&gt;&gt;</a>&nbsp;&nbsp;&nbsp;__2printf
</UL>
<BR>[Called By]<UL><LI><a href="#[5d]">&gt;&gt;</a>&nbsp;&nbsp;&nbsp;core_somebody_check_update
<LI><a href="#[13]">&gt;&gt;</a>&nbsp;&nbsp;&nbsp;main
</UL>

<P><STRONG><a name="[51]"></a>bo_pvdf_tick_restart</STRONG> (Thumb, 6 bytes, Stack size 0 bytes, bo_pvdf.o(i.bo_pvdf_tick_restart))
<BR><BR>[Called By]<UL><LI><a href="#[4f]">&gt;&gt;</a>&nbsp;&nbsp;&nbsp;bo_pvdf_rule_check_update_auto
</UL>

<P><STRONG><a name="[4d]"></a>bo_pvdf_value_update</STRONG> (Thumb, 14 bytes, Stack size 0 bytes, bo_pvdf.o(i.bo_pvdf_value_update))
<BR><BR>[Called By]<UL><LI><a href="#[4c]">&gt;&gt;</a>&nbsp;&nbsp;&nbsp;bo_pvdf_adc_update
</UL>

<P><STRONG><a name="[53]"></a>bsp_init</STRONG> (Thumb, 42 bytes, Stack size 8 bytes, bsp.o(i.bsp_init))
<BR><BR>[Stack]<UL><LI>Max Depth = 164<LI>Call Chain = bsp_init &rArr; APP_ConfigUsart &rArr; LL_USART_Init &rArr; LL_USART_SetBaudRate &rArr; __aeabi_uidivmod
</UL>
<BR>[Calls]<UL><LI><a href="#[2b]">&gt;&gt;</a>&nbsp;&nbsp;&nbsp;APP_ConfigUsart
<LI><a href="#[57]">&gt;&gt;</a>&nbsp;&nbsp;&nbsp;mt_lowEnergy_init
<LI><a href="#[58]">&gt;&gt;</a>&nbsp;&nbsp;&nbsp;core_init
<LI><a href="#[56]">&gt;&gt;</a>&nbsp;&nbsp;&nbsp;bo_pvdf_init
<LI><a href="#[46]">&gt;&gt;</a>&nbsp;&nbsp;&nbsp;bo_motor_init
<LI><a href="#[54]">&gt;&gt;</a>&nbsp;&nbsp;&nbsp;dev_init
<LI><a href="#[55]">&gt;&gt;</a>&nbsp;&nbsp;&nbsp;uart1_init
<LI><a href="#[4e]">&gt;&gt;</a>&nbsp;&nbsp;&nbsp;__2printf
</UL>
<BR>[Called By]<UL><LI><a href="#[13]">&gt;&gt;</a>&nbsp;&nbsp;&nbsp;main
</UL>

<P><STRONG><a name="[58]"></a>core_init</STRONG> (Thumb, 28 bytes, Stack size 0 bytes, core.o(i.core_init))
<BR><BR>[Called By]<UL><LI><a href="#[53]">&gt;&gt;</a>&nbsp;&nbsp;&nbsp;bsp_init
</UL>

<P><STRONG><a name="[5e]"></a>core_sombody_check_param_continus_reinit</STRONG> (Thumb, 8 bytes, Stack size 0 bytes, core.o(i.core_sombody_check_param_continus_reinit))
<BR><BR>[Called By]<UL><LI><a href="#[5d]">&gt;&gt;</a>&nbsp;&nbsp;&nbsp;core_somebody_check_update
</UL>

<P><STRONG><a name="[59]"></a>core_somebeody_data_cal_update</STRONG> (Thumb, 220 bytes, Stack size 40 bytes, core.o(i.core_somebeody_data_cal_update))
<BR><BR>[Stack]<UL><LI>Max Depth = 68<LI>Call Chain = core_somebeody_data_cal_update &rArr; __aeabi_idivmod &rArr; __aeabi_uidivmod
</UL>
<BR>[Calls]<UL><LI><a href="#[19]">&gt;&gt;</a>&nbsp;&nbsp;&nbsp;__aeabi_idivmod
</UL>
<BR>[Called By]<UL><LI><a href="#[5d]">&gt;&gt;</a>&nbsp;&nbsp;&nbsp;core_somebody_check_update
</UL>

<P><STRONG><a name="[60]"></a>core_somebeody_data_rule1_update</STRONG> (Thumb, 104 bytes, Stack size 0 bytes, core.o(i.core_somebeody_data_rule1_update))
<BR><BR>[Called By]<UL><LI><a href="#[5d]">&gt;&gt;</a>&nbsp;&nbsp;&nbsp;core_somebody_check_update
</UL>

<P><STRONG><a name="[5a]"></a>core_somebody_check_list_update</STRONG> (Thumb, 60 bytes, Stack size 24 bytes, core.o(i.core_somebody_check_list_update))
<BR><BR>[Stack]<UL><LI>Max Depth = 52<LI>Call Chain = core_somebody_check_list_update &rArr; __aeabi_idivmod &rArr; __aeabi_uidivmod
</UL>
<BR>[Calls]<UL><LI><a href="#[19]">&gt;&gt;</a>&nbsp;&nbsp;&nbsp;__aeabi_idivmod
</UL>
<BR>[Called By]<UL><LI><a href="#[5d]">&gt;&gt;</a>&nbsp;&nbsp;&nbsp;core_somebody_check_update
</UL>

<P><STRONG><a name="[5b]"></a>core_somebody_check_param_reinit</STRONG> (Thumb, 58 bytes, Stack size 8 bytes, core.o(i.core_somebody_check_param_reinit))
<BR><BR>[Stack]<UL><LI>Max Depth = 8<LI>Call Chain = core_somebody_check_param_reinit
</UL>
<BR>[Calls]<UL><LI><a href="#[5c]">&gt;&gt;</a>&nbsp;&nbsp;&nbsp;__aeabi_memclr4
</UL>
<BR>[Called By]<UL><LI><a href="#[5d]">&gt;&gt;</a>&nbsp;&nbsp;&nbsp;core_somebody_check_update
</UL>

<P><STRONG><a name="[5d]"></a>core_somebody_check_update</STRONG> (Thumb, 556 bytes, Stack size 24 bytes, core.o(i.core_somebody_check_update))
<BR><BR>[Stack]<UL><LI>Max Depth = 132<LI>Call Chain = core_somebody_check_update &rArr; bo_motor_action_block &rArr; bo_motor_init &rArr; dev_gpio_init &rArr; LL_GPIO_Init
</UL>
<BR>[Calls]<UL><LI><a href="#[52]">&gt;&gt;</a>&nbsp;&nbsp;&nbsp;bo_pvdf_somebody_onOffstate_realtime
<LI><a href="#[45]">&gt;&gt;</a>&nbsp;&nbsp;&nbsp;bo_motor_action_block
<LI><a href="#[21]">&gt;&gt;</a>&nbsp;&nbsp;&nbsp;LL_mDelay
<LI><a href="#[5f]">&gt;&gt;</a>&nbsp;&nbsp;&nbsp;core_somebody_shake_rule_check_update
<LI><a href="#[5b]">&gt;&gt;</a>&nbsp;&nbsp;&nbsp;core_somebody_check_param_reinit
<LI><a href="#[5a]">&gt;&gt;</a>&nbsp;&nbsp;&nbsp;core_somebody_check_list_update
<LI><a href="#[60]">&gt;&gt;</a>&nbsp;&nbsp;&nbsp;core_somebeody_data_rule1_update
<LI><a href="#[59]">&gt;&gt;</a>&nbsp;&nbsp;&nbsp;core_somebeody_data_cal_update
<LI><a href="#[5e]">&gt;&gt;</a>&nbsp;&nbsp;&nbsp;core_sombody_check_param_continus_reinit
<LI><a href="#[4e]">&gt;&gt;</a>&nbsp;&nbsp;&nbsp;__2printf
</UL>
<BR>[Called By]<UL><LI><a href="#[13]">&gt;&gt;</a>&nbsp;&nbsp;&nbsp;main
</UL>

<P><STRONG><a name="[5f]"></a>core_somebody_shake_rule_check_update</STRONG> (Thumb, 62 bytes, Stack size 0 bytes, core.o(i.core_somebody_shake_rule_check_update))
<BR><BR>[Called By]<UL><LI><a href="#[5d]">&gt;&gt;</a>&nbsp;&nbsp;&nbsp;core_somebody_check_update
</UL>

<P><STRONG><a name="[61]"></a>dev_adc_init</STRONG> (Thumb, 38 bytes, Stack size 8 bytes, devadc.o(i.dev_adc_init))
<BR><BR>[Stack]<UL><LI>Max Depth = 28<LI>Call Chain = dev_adc_init &rArr; APP_AdcConfig &rArr; LL_GPIO_SetPinMode
</UL>
<BR>[Calls]<UL><LI><a href="#[22]">&gt;&gt;</a>&nbsp;&nbsp;&nbsp;APP_AdcConfig
<LI><a href="#[1f]">&gt;&gt;</a>&nbsp;&nbsp;&nbsp;APP_AdcCalibrate
</UL>
<BR>[Called By]<UL><LI><a href="#[54]">&gt;&gt;</a>&nbsp;&nbsp;&nbsp;dev_init
</UL>

<P><STRONG><a name="[4a]"></a>dev_gpio_init</STRONG> (Thumb, 88 bytes, Stack size 56 bytes, devgpio.o(i.dev_gpio_init))
<BR><BR>[Stack]<UL><LI>Max Depth = 76<LI>Call Chain = dev_gpio_init &rArr; LL_GPIO_Init
</UL>
<BR>[Calls]<UL><LI><a href="#[2c]">&gt;&gt;</a>&nbsp;&nbsp;&nbsp;LL_GPIO_Init
<LI><a href="#[5c]">&gt;&gt;</a>&nbsp;&nbsp;&nbsp;__aeabi_memclr4
<LI><a href="#[62]">&gt;&gt;</a>&nbsp;&nbsp;&nbsp;LL_IOP_GRP1_EnableClock
<LI><a href="#[63]">&gt;&gt;</a>&nbsp;&nbsp;&nbsp;LL_GPIO_ResetOutputPin
</UL>
<BR>[Called By]<UL><LI><a href="#[46]">&gt;&gt;</a>&nbsp;&nbsp;&nbsp;bo_motor_init
<LI><a href="#[54]">&gt;&gt;</a>&nbsp;&nbsp;&nbsp;dev_init
</UL>

<P><STRONG><a name="[64]"></a>dev_gpio_le_mode</STRONG> (Thumb, 38 bytes, Stack size 32 bytes, devgpio.o(i.dev_gpio_le_mode))
<BR><BR>[Stack]<UL><LI>Max Depth = 52<LI>Call Chain = dev_gpio_le_mode &rArr; LL_GPIO_Init
</UL>
<BR>[Calls]<UL><LI><a href="#[2c]">&gt;&gt;</a>&nbsp;&nbsp;&nbsp;LL_GPIO_Init
<LI><a href="#[62]">&gt;&gt;</a>&nbsp;&nbsp;&nbsp;LL_IOP_GRP1_EnableClock
</UL>
<BR>[Called By]<UL><LI><a href="#[31]">&gt;&gt;</a>&nbsp;&nbsp;&nbsp;mt_board_deinit_all
</UL>

<P><STRONG><a name="[54]"></a>dev_init</STRONG> (Thumb, 16 bytes, Stack size 8 bytes, dev.o(i.dev_init))
<BR><BR>[Stack]<UL><LI>Max Depth = 84<LI>Call Chain = dev_init &rArr; dev_gpio_init &rArr; LL_GPIO_Init
</UL>
<BR>[Calls]<UL><LI><a href="#[4a]">&gt;&gt;</a>&nbsp;&nbsp;&nbsp;dev_gpio_init
<LI><a href="#[61]">&gt;&gt;</a>&nbsp;&nbsp;&nbsp;dev_adc_init
<LI><a href="#[32]">&gt;&gt;</a>&nbsp;&nbsp;&nbsp;APP_SystemClockConfig
</UL>
<BR>[Called By]<UL><LI><a href="#[53]">&gt;&gt;</a>&nbsp;&nbsp;&nbsp;bsp_init
</UL>

<P><STRONG><a name="[16]"></a>fputc</STRONG> (Thumb, 42 bytes, Stack size 16 bytes, devuart.o(i.fputc))
<BR><BR>[Stack]<UL><LI>Max Depth = 16<LI>Call Chain = fputc
</UL>
<BR>[Calls]<UL><LI><a href="#[65]">&gt;&gt;</a>&nbsp;&nbsp;&nbsp;LL_USART_TransmitData8
<LI><a href="#[66]">&gt;&gt;</a>&nbsp;&nbsp;&nbsp;LL_USART_IsActiveFlag_TC
</UL>
<BR>[Address Reference Count : 1]<UL><LI> printf6.o(i.__0printf$6)
</UL>
<P><STRONG><a name="[13]"></a>main</STRONG> (Thumb, 148 bytes, Stack size 8 bytes, main.o(i.main))
<BR><BR>[Stack]<UL><LI>Max Depth = 172<LI>Call Chain = main &rArr; bsp_init &rArr; APP_ConfigUsart &rArr; LL_USART_Init &rArr; LL_USART_SetBaudRate &rArr; __aeabi_uidivmod
</UL>
<BR>[Calls]<UL><LI><a href="#[67]">&gt;&gt;</a>&nbsp;&nbsp;&nbsp;mt_lowEnergy_wakeup_delay
<LI><a href="#[68]">&gt;&gt;</a>&nbsp;&nbsp;&nbsp;mt_lowEnergy_enterStop
<LI><a href="#[5d]">&gt;&gt;</a>&nbsp;&nbsp;&nbsp;core_somebody_check_update
<LI><a href="#[53]">&gt;&gt;</a>&nbsp;&nbsp;&nbsp;bsp_init
<LI><a href="#[52]">&gt;&gt;</a>&nbsp;&nbsp;&nbsp;bo_pvdf_somebody_onOffstate_realtime
<LI><a href="#[4f]">&gt;&gt;</a>&nbsp;&nbsp;&nbsp;bo_pvdf_rule_check_update_auto
<LI><a href="#[4c]">&gt;&gt;</a>&nbsp;&nbsp;&nbsp;bo_pvdf_adc_update
<LI><a href="#[45]">&gt;&gt;</a>&nbsp;&nbsp;&nbsp;bo_motor_action_block
<LI><a href="#[21]">&gt;&gt;</a>&nbsp;&nbsp;&nbsp;LL_mDelay
<LI><a href="#[2b]">&gt;&gt;</a>&nbsp;&nbsp;&nbsp;APP_ConfigUsart
<LI><a href="#[4e]">&gt;&gt;</a>&nbsp;&nbsp;&nbsp;__2printf
</UL>
<BR>[Address Reference Count : 1]<UL><LI> entry9a.o(.ARM.Collect$$$$0000000B)
</UL>
<P><STRONG><a name="[31]"></a>mt_board_deinit_all</STRONG> (Thumb, 14 bytes, Stack size 8 bytes, lowenergy.o(i.mt_board_deinit_all))
<BR><BR>[Stack]<UL><LI>Max Depth = 60<LI>Call Chain = mt_board_deinit_all &rArr; dev_gpio_le_mode &rArr; LL_GPIO_Init
</UL>
<BR>[Calls]<UL><LI><a href="#[64]">&gt;&gt;</a>&nbsp;&nbsp;&nbsp;dev_gpio_le_mode
<LI><a href="#[69]">&gt;&gt;</a>&nbsp;&nbsp;&nbsp;mt_uart_deinit
</UL>
<BR>[Called By]<UL><LI><a href="#[30]">&gt;&gt;</a>&nbsp;&nbsp;&nbsp;APP_EnterStop
</UL>

<P><STRONG><a name="[68]"></a>mt_lowEnergy_enterStop</STRONG> (Thumb, 60 bytes, Stack size 8 bytes, lowenergy.o(i.mt_lowEnergy_enterStop))
<BR><BR>[Stack]<UL><LI>Max Depth = 76<LI>Call Chain = mt_lowEnergy_enterStop &rArr; APP_EnterStop &rArr; mt_board_deinit_all &rArr; dev_gpio_le_mode &rArr; LL_GPIO_Init
</UL>
<BR>[Calls]<UL><LI><a href="#[30]">&gt;&gt;</a>&nbsp;&nbsp;&nbsp;APP_EnterStop
</UL>
<BR>[Called By]<UL><LI><a href="#[13]">&gt;&gt;</a>&nbsp;&nbsp;&nbsp;main
</UL>

<P><STRONG><a name="[57]"></a>mt_lowEnergy_init</STRONG> (Thumb, 58 bytes, Stack size 8 bytes, lowenergy.o(i.mt_lowEnergy_init))
<BR><BR>[Stack]<UL><LI>Max Depth = 32<LI>Call Chain = mt_lowEnergy_init &rArr; APP_ConfigLptimClock &rArr; LL_APB1_GRP1_EnableClock
</UL>
<BR>[Calls]<UL><LI><a href="#[6a]">&gt;&gt;</a>&nbsp;&nbsp;&nbsp;LL_LPTIM_Init
<LI><a href="#[29]">&gt;&gt;</a>&nbsp;&nbsp;&nbsp;APP_ConfigLptimClock
<LI><a href="#[27]">&gt;&gt;</a>&nbsp;&nbsp;&nbsp;APP_ConfigLptim
</UL>
<BR>[Called By]<UL><LI><a href="#[53]">&gt;&gt;</a>&nbsp;&nbsp;&nbsp;bsp_init
</UL>

<P><STRONG><a name="[67]"></a>mt_lowEnergy_wakeup_delay</STRONG> (Thumb, 26 bytes, Stack size 8 bytes, lowenergy.o(i.mt_lowEnergy_wakeup_delay))
<BR><BR>[Stack]<UL><LI>Max Depth = 20<LI>Call Chain = mt_lowEnergy_wakeup_delay &rArr; __aeabi_uidivmod
</UL>
<BR>[Calls]<UL><LI><a href="#[1a]">&gt;&gt;</a>&nbsp;&nbsp;&nbsp;__aeabi_uidivmod
</UL>
<BR>[Called By]<UL><LI><a href="#[13]">&gt;&gt;</a>&nbsp;&nbsp;&nbsp;main
</UL>

<P><STRONG><a name="[69]"></a>mt_uart_deinit</STRONG> (Thumb, 20 bytes, Stack size 8 bytes, devuart.o(i.mt_uart_deinit))
<BR><BR>[Stack]<UL><LI>Max Depth = 24<LI>Call Chain = mt_uart_deinit &rArr; LL_GPIO_DeInit
</UL>
<BR>[Calls]<UL><LI><a href="#[35]">&gt;&gt;</a>&nbsp;&nbsp;&nbsp;LL_GPIO_DeInit
<LI><a href="#[6b]">&gt;&gt;</a>&nbsp;&nbsp;&nbsp;LL_USART_DeInit
</UL>
<BR>[Called By]<UL><LI><a href="#[31]">&gt;&gt;</a>&nbsp;&nbsp;&nbsp;mt_board_deinit_all
</UL>

<P><STRONG><a name="[49]"></a>power_5V_off</STRONG> (Thumb, 12 bytes, Stack size 8 bytes, devgpio.o(i.power_5V_off))
<BR><BR>[Stack]<UL><LI>Max Depth = 8<LI>Call Chain = power_5V_off
</UL>
<BR>[Calls]<UL><LI><a href="#[63]">&gt;&gt;</a>&nbsp;&nbsp;&nbsp;LL_GPIO_ResetOutputPin
</UL>
<BR>[Called By]<UL><LI><a href="#[45]">&gt;&gt;</a>&nbsp;&nbsp;&nbsp;bo_motor_action_block
</UL>

<P><STRONG><a name="[47]"></a>power_5V_on</STRONG> (Thumb, 10 bytes, Stack size 0 bytes, devgpio.o(i.power_5V_on))
<BR><BR>[Called By]<UL><LI><a href="#[45]">&gt;&gt;</a>&nbsp;&nbsp;&nbsp;bo_motor_action_block
</UL>

<P><STRONG><a name="[50]"></a>threadHold_u16</STRONG> (Thumb, 38 bytes, Stack size 8 bytes, th_rule_check.o(i.threadHold_u16))
<BR><BR>[Stack]<UL><LI>Max Depth = 8<LI>Call Chain = threadHold_u16
</UL>
<BR>[Called By]<UL><LI><a href="#[52]">&gt;&gt;</a>&nbsp;&nbsp;&nbsp;bo_pvdf_somebody_onOffstate_realtime
<LI><a href="#[4f]">&gt;&gt;</a>&nbsp;&nbsp;&nbsp;bo_pvdf_rule_check_update_auto
</UL>

<P><STRONG><a name="[55]"></a>uart1_init</STRONG> (Thumb, 8 bytes, Stack size 0 bytes, devuart.o(i.uart1_init))
<BR><BR>[Called By]<UL><LI><a href="#[53]">&gt;&gt;</a>&nbsp;&nbsp;&nbsp;bsp_init
</UL>
<P>
<H3>
Local Symbols
</H3>
<P><STRONG><a name="[40]"></a>DelayTime</STRONG> (Thumb, 24 bytes, Stack size 8 bytes, system_py32f002b.o(i.DelayTime))
<BR><BR>[Stack]<UL><LI>Max Depth = 8<LI>Call Chain = DelayTime
</UL>
<BR>[Called By]<UL><LI><a href="#[14]">&gt;&gt;</a>&nbsp;&nbsp;&nbsp;SystemInit
</UL>

<P><STRONG><a name="[3c]"></a>LL_USART_IsEnabled</STRONG> (Thumb, 14 bytes, Stack size 0 bytes, py32f002b_ll_usart.o(i.LL_USART_IsEnabled))
<BR><BR>[Called By]<UL><LI><a href="#[2e]">&gt;&gt;</a>&nbsp;&nbsp;&nbsp;LL_USART_Init
</UL>

<P><STRONG><a name="[3d]"></a>LL_USART_SetBaudRate</STRONG> (Thumb, 306 bytes, Stack size 48 bytes, py32f002b_ll_usart.o(i.LL_USART_SetBaudRate))
<BR><BR>[Stack]<UL><LI>Max Depth = 60<LI>Call Chain = LL_USART_SetBaudRate &rArr; __aeabi_uidivmod
</UL>
<BR>[Calls]<UL><LI><a href="#[1a]">&gt;&gt;</a>&nbsp;&nbsp;&nbsp;__aeabi_uidivmod
</UL>
<BR>[Called By]<UL><LI><a href="#[2e]">&gt;&gt;</a>&nbsp;&nbsp;&nbsp;LL_USART_Init
</UL>

<P><STRONG><a name="[36]"></a>LL_IOP_GRP1_ForceReset</STRONG> (Thumb, 12 bytes, Stack size 0 bytes, py32f002b_ll_gpio.o(i.LL_IOP_GRP1_ForceReset))
<BR><BR>[Called By]<UL><LI><a href="#[35]">&gt;&gt;</a>&nbsp;&nbsp;&nbsp;LL_GPIO_DeInit
</UL>

<P><STRONG><a name="[37]"></a>LL_IOP_GRP1_ReleaseReset</STRONG> (Thumb, 12 bytes, Stack size 0 bytes, py32f002b_ll_gpio.o(i.LL_IOP_GRP1_ReleaseReset))
<BR><BR>[Called By]<UL><LI><a href="#[35]">&gt;&gt;</a>&nbsp;&nbsp;&nbsp;LL_GPIO_DeInit
</UL>

<P><STRONG><a name="[3f]"></a>LL_RCC_GetSysClkSource</STRONG> (Thumb, 10 bytes, Stack size 0 bytes, py32f002b_ll_rcc.o(i.LL_RCC_GetSysClkSource))
<BR><BR>[Called By]<UL><LI><a href="#[39]">&gt;&gt;</a>&nbsp;&nbsp;&nbsp;RCC_GetSystemClockFreq
</UL>

<P><STRONG><a name="[66]"></a>LL_USART_IsActiveFlag_TC</STRONG> (Thumb, 12 bytes, Stack size 0 bytes, devuart.o(i.LL_USART_IsActiveFlag_TC))
<BR><BR>[Called By]<UL><LI><a href="#[16]">&gt;&gt;</a>&nbsp;&nbsp;&nbsp;fputc
</UL>

<P><STRONG><a name="[65]"></a>LL_USART_TransmitData8</STRONG> (Thumb, 4 bytes, Stack size 0 bytes, devuart.o(i.LL_USART_TransmitData8))
<BR><BR>[Called By]<UL><LI><a href="#[16]">&gt;&gt;</a>&nbsp;&nbsp;&nbsp;fputc
</UL>

<P><STRONG><a name="[2d]"></a>NVIC_SetPriority</STRONG> (Thumb, 110 bytes, Stack size 8 bytes, devuart.o(i.NVIC_SetPriority))
<BR><BR>[Stack]<UL><LI>Max Depth = 8<LI>Call Chain = NVIC_SetPriority
</UL>
<BR>[Called By]<UL><LI><a href="#[2b]">&gt;&gt;</a>&nbsp;&nbsp;&nbsp;APP_ConfigUsart
</UL>

<P><STRONG><a name="[32]"></a>APP_SystemClockConfig</STRONG> (Thumb, 126 bytes, Stack size 8 bytes, dev.o(i.APP_SystemClockConfig))
<BR><BR>[Stack]<UL><LI>Max Depth = 36<LI>Call Chain = APP_SystemClockConfig &rArr; LL_Init1msTick &rArr; __aeabi_uidivmod
</UL>
<BR>[Calls]<UL><LI><a href="#[34]">&gt;&gt;</a>&nbsp;&nbsp;&nbsp;LL_SetSystemCoreClock
<LI><a href="#[33]">&gt;&gt;</a>&nbsp;&nbsp;&nbsp;LL_Init1msTick
</UL>
<BR>[Called By]<UL><LI><a href="#[54]">&gt;&gt;</a>&nbsp;&nbsp;&nbsp;dev_init
</UL>

<P><STRONG><a name="[25]"></a>LL_ADC_Disable</STRONG> (Thumb, 12 bytes, Stack size 0 bytes, devadc.o(i.LL_ADC_Disable))
<BR><BR>[Called By]<UL><LI><a href="#[24]">&gt;&gt;</a>&nbsp;&nbsp;&nbsp;APP_AdcConvert
</UL>

<P><STRONG><a name="[20]"></a>LL_ADC_IsEnabled</STRONG> (Thumb, 16 bytes, Stack size 0 bytes, devadc.o(i.LL_ADC_IsEnabled))
<BR><BR>[Called By]<UL><LI><a href="#[24]">&gt;&gt;</a>&nbsp;&nbsp;&nbsp;APP_AdcConvert
<LI><a href="#[1f]">&gt;&gt;</a>&nbsp;&nbsp;&nbsp;APP_AdcCalibrate
</UL>

<P><STRONG><a name="[23]"></a>LL_GPIO_SetPinMode</STRONG> (Thumb, 26 bytes, Stack size 12 bytes, devadc.o(i.LL_GPIO_SetPinMode))
<BR><BR>[Stack]<UL><LI>Max Depth = 12<LI>Call Chain = LL_GPIO_SetPinMode
</UL>
<BR>[Called By]<UL><LI><a href="#[22]">&gt;&gt;</a>&nbsp;&nbsp;&nbsp;APP_AdcConfig
</UL>

<P><STRONG><a name="[63]"></a>LL_GPIO_ResetOutputPin</STRONG> (Thumb, 4 bytes, Stack size 0 bytes, devgpio.o(i.LL_GPIO_ResetOutputPin))
<BR><BR>[Called By]<UL><LI><a href="#[49]">&gt;&gt;</a>&nbsp;&nbsp;&nbsp;power_5V_off
<LI><a href="#[4a]">&gt;&gt;</a>&nbsp;&nbsp;&nbsp;dev_gpio_init
</UL>

<P><STRONG><a name="[62]"></a>LL_IOP_GRP1_EnableClock</STRONG> (Thumb, 24 bytes, Stack size 8 bytes, devgpio.o(i.LL_IOP_GRP1_EnableClock))
<BR><BR>[Stack]<UL><LI>Max Depth = 8<LI>Call Chain = LL_IOP_GRP1_EnableClock
</UL>
<BR>[Called By]<UL><LI><a href="#[64]">&gt;&gt;</a>&nbsp;&nbsp;&nbsp;dev_gpio_le_mode
<LI><a href="#[4a]">&gt;&gt;</a>&nbsp;&nbsp;&nbsp;dev_gpio_init
</UL>

<P><STRONG><a name="[27]"></a>APP_ConfigLptim</STRONG> (Thumb, 40 bytes, Stack size 8 bytes, lowenergy.o(i.APP_ConfigLptim))
<BR><BR>[Stack]<UL><LI>Max Depth = 16<LI>Call Chain = APP_ConfigLptim &rArr; NVIC_SetPriority
</UL>
<BR>[Calls]<UL><LI><a href="#[28]">&gt;&gt;</a>&nbsp;&nbsp;&nbsp;NVIC_SetPriority
</UL>
<BR>[Called By]<UL><LI><a href="#[57]">&gt;&gt;</a>&nbsp;&nbsp;&nbsp;mt_lowEnergy_init
</UL>

<P><STRONG><a name="[29]"></a>APP_ConfigLptimClock</STRONG> (Thumb, 94 bytes, Stack size 16 bytes, lowenergy.o(i.APP_ConfigLptimClock))
<BR><BR>[Stack]<UL><LI>Max Depth = 24<LI>Call Chain = APP_ConfigLptimClock &rArr; LL_APB1_GRP1_EnableClock
</UL>
<BR>[Calls]<UL><LI><a href="#[2a]">&gt;&gt;</a>&nbsp;&nbsp;&nbsp;LL_APB1_GRP1_EnableClock
</UL>
<BR>[Called By]<UL><LI><a href="#[57]">&gt;&gt;</a>&nbsp;&nbsp;&nbsp;mt_lowEnergy_init
</UL>

<P><STRONG><a name="[2a]"></a>LL_APB1_GRP1_EnableClock</STRONG> (Thumb, 24 bytes, Stack size 8 bytes, lowenergy.o(i.LL_APB1_GRP1_EnableClock))
<BR><BR>[Stack]<UL><LI>Max Depth = 8<LI>Call Chain = LL_APB1_GRP1_EnableClock
</UL>
<BR>[Called By]<UL><LI><a href="#[30]">&gt;&gt;</a>&nbsp;&nbsp;&nbsp;APP_EnterStop
<LI><a href="#[29]">&gt;&gt;</a>&nbsp;&nbsp;&nbsp;APP_ConfigLptimClock
</UL>

<P><STRONG><a name="[28]"></a>NVIC_SetPriority</STRONG> (Thumb, 110 bytes, Stack size 8 bytes, lowenergy.o(i.NVIC_SetPriority))
<BR><BR>[Stack]<UL><LI>Max Depth = 8<LI>Call Chain = NVIC_SetPriority
</UL>
<BR>[Called By]<UL><LI><a href="#[27]">&gt;&gt;</a>&nbsp;&nbsp;&nbsp;APP_ConfigLptim
</UL>

<P><STRONG><a name="[48]"></a>LL_GPIO_ResetOutputPin</STRONG> (Thumb, 4 bytes, Stack size 0 bytes, bo_motor.o(i.LL_GPIO_ResetOutputPin))
<BR><BR>[Called By]<UL><LI><a href="#[45]">&gt;&gt;</a>&nbsp;&nbsp;&nbsp;bo_motor_action_block
<LI><a href="#[4b]">&gt;&gt;</a>&nbsp;&nbsp;&nbsp;bo_motor_init2
</UL>

<P><STRONG><a name="[42]"></a>_printf_core</STRONG> (Thumb, 768 bytes, Stack size 96 bytes, printf6.o(i._printf_core), UNUSED)
<BR><BR>[Calls]<UL><LI><a href="#[1a]">&gt;&gt;</a>&nbsp;&nbsp;&nbsp;__aeabi_uidivmod
<LI><a href="#[43]">&gt;&gt;</a>&nbsp;&nbsp;&nbsp;_printf_pre_padding
<LI><a href="#[44]">&gt;&gt;</a>&nbsp;&nbsp;&nbsp;_printf_post_padding
</UL>
<BR>[Called By]<UL><LI><a href="#[41]">&gt;&gt;</a>&nbsp;&nbsp;&nbsp;__0printf$6
</UL>

<P><STRONG><a name="[44]"></a>_printf_post_padding</STRONG> (Thumb, 32 bytes, Stack size 24 bytes, printf6.o(i._printf_post_padding), UNUSED)
<BR><BR>[Called By]<UL><LI><a href="#[42]">&gt;&gt;</a>&nbsp;&nbsp;&nbsp;_printf_core
</UL>

<P><STRONG><a name="[43]"></a>_printf_pre_padding</STRONG> (Thumb, 44 bytes, Stack size 40 bytes, printf6.o(i._printf_pre_padding), UNUSED)
<BR><BR>[Called By]<UL><LI><a href="#[42]">&gt;&gt;</a>&nbsp;&nbsp;&nbsp;_printf_core
</UL>
<P>
<H3>
Undefined Global Symbols
</H3><HR></body></html>
