<html>
<body>
<pre>
<h1>礦ision Build Log</h1>
<h2>Tool Versions:</h2>
IDE-Version: μVision V5.26.2.0
Copyright (C) 2018 ARM Ltd and ARM Germany GmbH. All rights reserved.
License Information: t Administrator, t, LIC=IC93N-YXA7X-E0QN4-F37XR-7AGNU-9GD43
 
Tool Versions:
Toolchain:       MDK-ARM Professional  Version: 5.26.2.0
Toolchain Path:  d:\Keil_v5\ARM\ARMCC\Bin
C Compiler:      Armcc.exe V5.06 update 6 (build 750)
Assembler:       Armasm.exe V5.06 update 6 (build 750)
Linker/Locator:  ArmLink.exe V5.06 update 6 (build 750)
Library Manager: ArmAr.exe V5.06 update 6 (build 750)
Hex Converter:   FromElf.exe V5.06 update 6 (build 750)
CPU DLL:         SARMCM3.DLL V5.26.2.0
Dialog DLL:      DARMCM1.DLL V1.19.1.0
Target DLL:      Segger\JL2CM3.dll V2.99.31.0
Dialog DLL:      TARMCM1.DLL V1.14.0.0
 
<h2>Project:</h2>
H:\1.project\2.puya\2.chari_onOFF_le\4.code_mixmode3\2.调整打印-控制时序版本\PY32F002B_Firmware_V1.1.5\Projects\PY32F002B-STK\Example_LL\LPTIM\LPTIM_OnceMode_WakeUp_WFI\MDK-ARM\Project.uvprojx
Project File Date:  06/14/2025

<h2>Output:</h2>
*** Using Compiler 'V5.06 update 6 (build 750)', folder: 'd:\Keil_v5\ARM\ARMCC\Bin'
Rebuild target 'Project'
assembling startup_py32f002bxx.s...
compiling py32f002b_ll_lptim.c...
compiling system_py32f002b.c...
compiling py32f002b_ll_utils.c...
compiling py32f002bxx_ll_Start_Kit.c...
compiling main.c...
compiling py32f002b_it.c...
compiling py32f002b_ll_usart.c...
compiling py32f002b_ll_gpio.c...
compiling py32f002b_ll_rcc.c...
compiling py32f002b_ll_adc.c...
compiling py32f002b_ll_tim.c...
compiling devUart.c...
compiling dev.c...
compiling devAdc.c...
..\..\..\..\..\..\Drivers\dev\devAdc.c(122): warning:  #1-D: last line of file ends without a newline
  }
..\..\..\..\..\..\Drivers\dev\devAdc.c: 1 warning, 0 errors
compiling devGpio.c...
..\..\..\..\..\..\Drivers\dev\devGpio.c(55): warning:  #1-D: last line of file ends without a newline
  }
..\..\..\..\..\..\Drivers\dev\devGpio.c: 1 warning, 0 errors
compiling bsp.c...
compiling th_rule_check.c...
..\..\..\..\..\..\Drivers\lib3\th_rule_check.c(29): warning:  #1-D: last line of file ends without a newline
  }
..\..\..\..\..\..\Drivers\lib3\th_rule_check.c: 1 warning, 0 errors
compiling lowEnergy.c...
compiling bo_pvdf.c...
compiling bo_motor.c...
compiling core.c...
..\..\..\..\..\..\Drivers\board\core.c(169): warning:  #177-D: variable "OnlistSumReg"  was declared but never referenced
    uint32_t OnlistSumReg =0;
..\..\..\..\..\..\Drivers\board\core.c: 1 warning, 0 errors
linking...
Program Size: Code=6760 RO-data=352 RW-data=52 ZI-data=1324  
FromELF: creating hex file...
".\Objects\Project.axf" - 0 Error(s), 4 Warning(s).

<h2>Software Packages used:</h2>

Package Vendor: Puya
                https://www.puyasemi.com/uploadfiles/Puya.PY32F0xx_DFP.1.2.4.pack
                Puya.PY32F0xx_DFP.1.2.4
                Puya PY32F0 Series Device Support

<h2>Collection of Component include folders:</h2>
  .\RTE\_Project
  d:\Keil_v5\ARM\PACK\Puya\PY32F0xx_DFP\1.2.4\Drivers\CMSIS\Device\PY32F0xx\Include

<h2>Collection of Component Files used:</h2>
Build Time Elapsed:  00:00:03
</pre>
</body>
</html>
